----------------
IN: 
Priv: 3; Virt: 0
0x00001000:  00000297          auipc                   t0,0                    # 0x1000
0x00001004:  02828613          addi                    a2,t0,40
0x00001008:  f1402573          csrrs                   a0,mhartid,zero

 V      =   0
 pc       00001000
 mhartid  00000000
 mstatus  00000000
 mstatush 00000000
 hstatus  00000000
 vsstatus 00000000
 mip      00000080
 mie      00000000
 mideleg  00001444
 hideleg  00000000
 medeleg  00000000
 hedeleg  00000000
 mtvec    00000000
 stvec    00000000
 vstvec   00000000
 mepc     00000000
 sepc     00000000
 vsepc    00000000
 mcause   00000000
 scause   00000000
 vscause  00000000
 mtval    00000000
 stval    00000000
 htval    00000000
 mtval2   00000000
 mscratch 00000000
 sscratch 00000000
 satp     00000000
 x0/zero  00000000 x1/ra    00000000 x2/sp    00000000 x3/gp    00000000
 x4/tp    00000000 x5/t0    00000000 x6/t1    00000000 x7/t2    00000000
 x8/s0    00000000 x9/s1    00000000 x10/a0   00000000 x11/a1   00000000
 x12/a2   00000000 x13/a3   00000000 x14/a4   00000000 x15/a5   00000000
 x16/a6   00000000 x17/a7   00000000 x18/s2   00000000 x19/s3   00000000
 x20/s4   00000000 x21/s5   00000000 x22/s6   00000000 x23/s7   00000000
 x24/s8   00000000 x25/s9   00000000 x26/s10  00000000 x27/s11  00000000
 x28/t3   00000000 x29/t4   00000000 x30/t5   00000000 x31/t6   00000000
----------------
IN: 
Priv: 3; Virt: 0
0x0000100c:  0202a583          lw                      a1,32(t0)
0x00001010:  0182a283          lw                      t0,24(t0)
0x00001014:  00028067          jr                      t0

 V      =   0
 pc       0000100c
 mhartid  00000000
 mstatus  00000000
 mstatush 00000000
 hstatus  00000000
 vsstatus 00000000
 mip      00000080
 mie      00000000
 mideleg  00001444
 hideleg  00000000
 medeleg  00000000
 hedeleg  00000000
 mtvec    00000000
 stvec    00000000
 vstvec   00000000
 mepc     00000000
 sepc     00000000
 vsepc    00000000
 mcause   00000000
 scause   00000000
 vscause  00000000
 mtval    00000000
 stval    00000000
 htval    00000000
 mtval2   00000000
 mscratch 00000000
 sscratch 00000000
 satp     00000000
 x0/zero  00000000 x1/ra    00000000 x2/sp    00000000 x3/gp    00000000
 x4/tp    00000000 x5/t0    00001000 x6/t1    00000000 x7/t2    00000000
 x8/s0    00000000 x9/s1    00000000 x10/a0   00000000 x11/a1   00000000
 x12/a2   00001028 x13/a3   00000000 x14/a4   00000000 x15/a5   00000000
 x16/a6   00000000 x17/a7   00000000 x18/s2   00000000 x19/s3   00000000
 x20/s4   00000000 x21/s5   00000000 x22/s6   00000000 x23/s7   00000000
 x24/s8   00000000 x25/s9   00000000 x26/s10  00000000 x27/s11  00000000
 x28/t3   00000000 x29/t4   00000000 x30/t5   00000000 x31/t6   00000000
----------------
IN: 
Priv: 3; Virt: 0
0x80000000:  800301b7          lui                     gp,-524240
0x80000004:  00000013          nop                     
0x80000008:  00000013          nop                     
0x8000000c:  80020137          lui                     sp,-524256
0x80000010:  00000013          nop                     
0x80000014:  80000337          lui                     t1,-524288
0x80000018:  00000013          nop                     
0x8000001c:  800103b7          lui                     t2,-524272
0x80000020:  00000013          nop                     
0x80000024:  0063a023          sw                      t1,0(t2)
0x80000028:  80010337          lui                     t1,-524272
0x8000002c:  00000013          nop                     
0x80000030:  800103b7          lui                     t2,-524272
0x80000034:  00438393          addi                    t2,t2,4
0x80000038:  0063a023          sw                      t1,0(t2)
0x8000003c:  80020337          lui                     t1,-524256
0x80000040:  00000013          nop                     
0x80000044:  800103b7          lui                     t2,-524272
0x80000048:  00838393          addi                    t2,t2,8
0x8000004c:  0063a023          sw                      t1,0(t2)
0x80000050:  000b8337          lui                     t1,184
0x80000054:  00000013          nop                     
0x80000058:  800103b7          lui                     t2,-524272
0x8000005c:  00c38393          addi                    t2,t2,12
0x80000060:  0063a023          sw                      t1,0(t2)
0x80000064:  00500313          addi                    t1,zero,5
0x80000068:  00030413          mv                      s0,t1
0x8000006c:  00a00313          addi                    t1,zero,10
0x80000070:  ffc10113          addi                    sp,sp,-4
0x80000074:  00612023          sw                      t1,0(sp)
0x80000078:  ffc10113          addi                    sp,sp,-4
0x8000007c:  00812023          sw                      s0,0(sp)
0x80000080:  00008f13          mv                      t5,ra
0x80000084:  068000ef          jal                     ra,104                  # 0x800000ec

 V      =   0
 pc       80000000
 mhartid  00000000
 mstatus  00000000
 mstatush 00000000
 hstatus  00000000
 vsstatus 00000000
 mip      00000080
 mie      00000000
 mideleg  00001444
 hideleg  00000000
 medeleg  00000000
 hedeleg  00000000
 mtvec    00000000
 stvec    00000000
 vstvec   00000000
 mepc     00000000
 sepc     00000000
 vsepc    00000000
 mcause   00000000
 scause   00000000
 vscause  00000000
 mtval    00000000
 stval    00000000
 htval    00000000
 mtval2   00000000
 mscratch 00000000
 sscratch 00000000
 satp     00000000
 x0/zero  00000000 x1/ra    00000000 x2/sp    00000000 x3/gp    00000000
 x4/tp    00000000 x5/t0    80000000 x6/t1    00000000 x7/t2    00000000
 x8/s0    00000000 x9/s1    00000000 x10/a0   00000000 x11/a1   87e00000
 x12/a2   00001028 x13/a3   00000000 x14/a4   00000000 x15/a5   00000000
 x16/a6   00000000 x17/a7   00000000 x18/s2   00000000 x19/s3   00000000
 x20/s4   00000000 x21/s5   00000000 x22/s6   00000000 x23/s7   00000000
 x24/s8   00000000 x25/s9   00000000 x26/s10  00000000 x27/s11  00000000
 x28/t3   00000000 x29/t4   00000000 x30/t5   00000000 x31/t6   00000000
----------------
IN: 
Priv: 3; Virt: 0
0x800000ec:  00012a03          lw                      s4,0(sp)
0x800000f0:  00410113          addi                    sp,sp,4
0x800000f4:  00012a83          lw                      s5,0(sp)
0x800000f8:  00410113          addi                    sp,sp,4
0x800000fc:  015a0b33          add                     s6,s4,s5
0x80000100:  000b0513          mv                      a0,s6
0x80000104:  00008067          ret                     

 V      =   0
 pc       800000ec
 mhartid  00000000
 mstatus  00000000
 mstatush 00000000
 hstatus  00000000
 vsstatus 00000000
 mip      00000080
 mie      00000000
 mideleg  00001444
 hideleg  00000000
 medeleg  00000000
 hedeleg  00000000
 mtvec    00000000
 stvec    00000000
 vstvec   00000000
 mepc     00000000
 sepc     00000000
 vsepc    00000000
 mcause   00000000
 scause   00000000
 vscause  00000000
 mtval    00000000
 stval    00000000
 htval    00000000
 mtval2   00000000
 mscratch 00000000
 sscratch 00000000
 satp     00000000
 x0/zero  00000000 x1/ra    80000088 x2/sp    8001fff8 x3/gp    80030000
 x4/tp    00000000 x5/t0    80000000 x6/t1    0000000a x7/t2    8001000c
 x8/s0    00000005 x9/s1    00000000 x10/a0   00000000 x11/a1   87e00000
 x12/a2   00001028 x13/a3   00000000 x14/a4   00000000 x15/a5   00000000
 x16/a6   00000000 x17/a7   00000000 x18/s2   00000000 x19/s3   00000000
 x20/s4   00000000 x21/s5   00000000 x22/s6   00000000 x23/s7   00000000
 x24/s8   00000000 x25/s9   00000000 x26/s10  00000000 x27/s11  00000000
 x28/t3   00000000 x29/t4   00000000 x30/t5   00000000 x31/t6   00000000
----------------
IN: 
Priv: 3; Virt: 0
0x80000088:  000f0093          mv                      ra,t5
0x8000008c:  00012483          lw                      s1,0(sp)
0x80000090:  00410113          addi                    sp,sp,4
0x80000094:  00048593          mv                      a1,s1
0x80000098:  00200313          addi                    t1,zero,2
0x8000009c:  ffc10113          addi                    sp,sp,-4
0x800000a0:  00612023          sw                      t1,0(sp)
0x800000a4:  ffc10113          addi                    sp,sp,-4
0x800000a8:  00b12023          sw                      a1,0(sp)
0x800000ac:  00008f13          mv                      t5,ra
0x800000b0:  058000ef          jal                     ra,88                   # 0x80000108

 V      =   0
 pc       80000088
 mhartid  00000000
 mstatus  00000000
 mstatush 00000000
 hstatus  00000000
 vsstatus 00000000
 mip      00000080
 mie      00000000
 mideleg  00001444
 hideleg  00000000
 medeleg  00000000
 hedeleg  00000000
 mtvec    00000000
 stvec    00000000
 vstvec   00000000
 mepc     00000000
 sepc     00000000
 vsepc    00000000
 mcause   00000000
 scause   00000000
 vscause  00000000
 mtval    00000000
 stval    00000000
 htval    00000000
 mtval2   00000000
 mscratch 00000000
 sscratch 00000000
 satp     00000000
 x0/zero  00000000 x1/ra    80000088 x2/sp    80020000 x3/gp    80030000
 x4/tp    00000000 x5/t0    80000000 x6/t1    0000000a x7/t2    8001000c
 x8/s0    00000005 x9/s1    00000000 x10/a0   0000000f x11/a1   87e00000
 x12/a2   00001028 x13/a3   00000000 x14/a4   00000000 x15/a5   00000000
 x16/a6   00000000 x17/a7   00000000 x18/s2   00000000 x19/s3   00000000
 x20/s4   00000005 x21/s5   0000000a x22/s6   0000000f x23/s7   00000000
 x24/s8   00000000 x25/s9   00000000 x26/s10  00000000 x27/s11  00000000
 x28/t3   00000000 x29/t4   00000000 x30/t5   00000000 x31/t6   00000000
----------------
IN: 
Priv: 3; Virt: 0
0x80000108:  00012a03          lw                      s4,0(sp)
0x8000010c:  00410113          addi                    sp,sp,4
0x80000110:  00012a83          lw                      s5,0(sp)
0x80000114:  00410113          addi                    sp,sp,4
0x80000118:  035a0bb3          mul                     s7,s4,s5
0x8000011c:  000b8513          mv                      a0,s7
0x80000120:  00008067          ret                     

 V      =   0
 pc       80000108
 mhartid  00000000
 mstatus  00000000
 mstatush 00000000
 hstatus  00000000
 vsstatus 00000000
 mip      00000080
 mie      00000000
 mideleg  00001444
 hideleg  00000000
 medeleg  00000000
 hedeleg  00000000
 mtvec    00000000
 stvec    00000000
 vstvec   00000000
 mepc     00000000
 sepc     00000000
 vsepc    00000000
 mcause   00000000
 scause   00000000
 vscause  00000000
 mtval    00000000
 stval    00000000
 htval    00000000
 mtval2   00000000
 mscratch 00000000
 sscratch 00000000
 satp     00000000
 x0/zero  00000000 x1/ra    800000b4 x2/sp    8001fffc x3/gp    80030000
 x4/tp    00000000 x5/t0    80000000 x6/t1    00000002 x7/t2    8001000c
 x8/s0    00000005 x9/s1    00000000 x10/a0   0000000f x11/a1   00000000
 x12/a2   00001028 x13/a3   00000000 x14/a4   00000000 x15/a5   00000000
 x16/a6   00000000 x17/a7   00000000 x18/s2   00000000 x19/s3   00000000
 x20/s4   00000005 x21/s5   0000000a x22/s6   0000000f x23/s7   00000000
 x24/s8   00000000 x25/s9   00000000 x26/s10  00000000 x27/s11  00000000
 x28/t3   00000000 x29/t4   00000000 x30/t5   00000000 x31/t6   00000000
----------------
IN: 
Priv: 3; Virt: 0
0x800000b4:  000f0093          mv                      ra,t5
0x800000b8:  00012603          lw                      a2,0(sp)
0x800000bc:  00410113          addi                    sp,sp,4
0x800000c0:  00060693          mv                      a3,a2
0x800000c4:  00000313          mv                      t1,zero
0x800000c8:  00030713          mv                      a4,t1
0x800000cc:  00100313          addi                    t1,zero,1
0x800000d0:  00431793          slli                    a5,t1,4
0x800000d4:  00100393          addi                    t2,zero,1
0x800000d8:  40778833          sub                     a6,a5,t2
0x800000dc:  00080893          mv                      a7,a6
0x800000e0:  0018d913          srli                    s2,a7,1
0x800000e4:  00090993          mv                      s3,s2
0x800000e8:  03c0006f          j                       60                      # 0x80000124

 V      =   0
 pc       800000b4
 mhartid  00000000
 mstatus  00000000
 mstatush 00000000
 hstatus  00000000
 vsstatus 00000000
 mip      00000080
 mie      00000000
 mideleg  00001444
 hideleg  00000000
 medeleg  00000000
 hedeleg  00000000
 mtvec    00000000
 stvec    00000000
 vstvec   00000000
 mepc     00000000
 sepc     00000000
 vsepc    00000000
 mcause   00000000
 scause   00000000
 vscause  00000000
 mtval    00000000
 stval    00000000
 htval    00000000
 mtval2   00000000
 mscratch 00000000
 sscratch 00000000
 satp     00000000
 x0/zero  00000000 x1/ra    800000b4 x2/sp    80020004 x3/gp    80030000
 x4/tp    00000000 x5/t0    80000000 x6/t1    00000002 x7/t2    8001000c
 x8/s0    00000005 x9/s1    00000000 x10/a0   00000000 x11/a1   00000000
 x12/a2   00001028 x13/a3   00000000 x14/a4   00000000 x15/a5   00000000
 x16/a6   00000000 x17/a7   00000000 x18/s2   00000000 x19/s3   00000000
 x20/s4   00000000 x21/s5   00000002 x22/s6   0000000f x23/s7   00000000
 x24/s8   00000000 x25/s9   00000000 x26/s10  00000000 x27/s11  00000000
 x28/t3   00000000 x29/t4   00000000 x30/t5   00000000 x31/t6   00000000
----------------
IN: 
Priv: 3; Virt: 0
0x80000124:  800103b7          lui                     t2,-524272
0x80000128:  00c38393          addi                    t2,t2,12
0x8000012c:  0003a383          lw                      t2,0(t2)
0x80000130:  00d3a023          sw                      a3,0(t2)
0x80000134:  00a00393          addi                    t2,zero,10
0x80000138:  00070e13          mv                      t3,a4
0x8000013c:  00038e93          mv                      t4,t2
0x80000140:  03de5663          ble                     t4,t3,44                # 0x8000016c

 V      =   0
 pc       80000124
 mhartid  00000000
 mstatus  00000000
 mstatush 00000000
 hstatus  00000000
 vsstatus 00000000
 mip      00000080
 mie      00000000
 mideleg  00001444
 hideleg  00000000
 medeleg  00000000
 hedeleg  00000000
 mtvec    00000000
 stvec    00000000
 vstvec   00000000
 mepc     00000000
 sepc     00000000
 vsepc    00000000
 mcause   00000000
 scause   00000000
 vscause  00000000
 mtval    00000000
 stval    00000000
 htval    00000000
 mtval2   00000000
 mscratch 00000000
 sscratch 00000000
 satp     00000000
 x0/zero  00000000 x1/ra    00000000 x2/sp    80020008 x3/gp    80030000
 x4/tp    00000000 x5/t0    80000000 x6/t1    00000001 x7/t2    00000001
 x8/s0    00000005 x9/s1    00000000 x10/a0   00000000 x11/a1   00000000
 x12/a2   00000000 x13/a3   00000000 x14/a4   00000000 x15/a5   00000010
 x16/a6   0000000f x17/a7   0000000f x18/s2   00000007 x19/s3   00000007
 x20/s4   00000000 x21/s5   00000002 x22/s6   0000000f x23/s7   00000000
 x24/s8   00000000 x25/s9   00000000 x26/s10  00000000 x27/s11  00000000
 x28/t3   00000000 x29/t4   00000000 x30/t5   00000000 x31/t6   00000000
----------------
IN: 
Priv: 3; Virt: 0
0x80000130:  00d3a023          sw                      a3,0(t2)

 V      =   0
 pc       80000130
 mhartid  00000000
 mstatus  00000000
 mstatush 00000000
 hstatus  00000000
 vsstatus 00000000
 mip      00000080
 mie      00000000
 mideleg  00001444
 hideleg  00000000
 medeleg  00000000
 hedeleg  00000000
 mtvec    00000000
 stvec    00000000
 vstvec   00000000
 mepc     00000000
 sepc     00000000
 vsepc    00000000
 mcause   00000000
 scause   00000000
 vscause  00000000
 mtval    00000000
 stval    00000000
 htval    00000000
 mtval2   00000000
 mscratch 00000000
 sscratch 00000000
 satp     00000000
 x0/zero  00000000 x1/ra    00000000 x2/sp    80020008 x3/gp    80030000
 x4/tp    00000000 x5/t0    80000000 x6/t1    00000001 x7/t2    000b8000
 x8/s0    00000005 x9/s1    00000000 x10/a0   00000000 x11/a1   00000000
 x12/a2   00000000 x13/a3   00000000 x14/a4   00000000 x15/a5   00000010
 x16/a6   0000000f x17/a7   0000000f x18/s2   00000007 x19/s3   00000007
 x20/s4   00000000 x21/s5   00000002 x22/s6   0000000f x23/s7   00000000
 x24/s8   00000000 x25/s9   00000000 x26/s10  00000000 x27/s11  00000000
 x28/t3   00000000 x29/t4   00000000 x30/t5   00000000 x31/t6   00000000
